
> boutikplus@1.1.0 build:web
> expo export --platform web --output-dir dist && node scripts/postbuild-seo-inject.mjs

env: load .env
env: export EXPO_PUBLIC_SUPABASE_URL EXPO_PUBLIC_SUPABASE_ANON_KEY SUPABASE_DB_PASSWORD EXPO_PUBLIC_MISTRAL_API_KEY EXPO_PUBLIC_REMOVEBG_API_KEY
Starting Metro Bundler
Web Bundled 7386ms node_modules\expo\AppEntry.js (1241 modules)

› Assets (21):
node_modules\@expo\vector-icons\build\vendor\react-native-vector-icons\Fonts\AntDesign.3a2ba31570920eeb9b1d217cabe58315.ttf (70.3 kB)
node_modules\@expo\vector-icons\build\vendor\react-native-vector-icons\Fonts\Entypo.31b5ffea3daddc69dd01a1f3d6cf63c5.ttf (66.2 kB)
node_modules\@expo\vector-icons\build\vendor\react-native-vector-icons\Fonts\EvilIcons.140c53a7643ea949007aa9a282153849.ttf (13.5 kB)
node_modules\@expo\vector-icons\build\vendor\react-native-vector-icons\Fonts\Feather.a76d309774d33d9856f650bed4292a23.ttf (56.2 kB)
node_modules\@expo\vector-icons\build\vendor\react-native-vector-icons\Fonts\FontAwesome.b06871f281fee6b241d60582ae9369b9.ttf (166 kB)
node_modules\@expo\vector-icons\build\vendor\react-native-vector-icons\Fonts\FontAwesome5_Brands.3b89dd103490708d19a95adcae52210e.ttf (134 kB)
node_modules\@expo\vector-icons\build\vendor\react-native-vector-icons\Fonts\FontAwesome5_Regular.1f77739ca9ff2188b539c36f30ffa2be.ttf (33.7 kB)
node_modules\@expo\vector-icons\build\vendor\react-native-vector-icons\Fonts\FontAwesome5_Solid.605ed7926cf39a2ad5ec2d1f9d391d3d.ttf (203 kB)
node_modules\@expo\vector-icons\build\vendor\react-native-vector-icons\Fonts\FontAwesome6_Brands.56c8d80832e37783f12c05db7c8849e2.ttf (209 kB)
node_modules\@expo\vector-icons\build\vendor\react-native-vector-icons\Fonts\FontAwesome6_Regular.370dd5af19f8364907b6e2c41f45dbbf.ttf (68 kB)
node_modules\@expo\vector-icons\build\vendor\react-native-vector-icons\Fonts\FontAwesome6_Solid.adec7d6f310bc577f05e8fe06a5daccf.ttf (424 kB)
node_modules\@expo\vector-icons\build\vendor\react-native-vector-icons\Fonts\Fontisto.b49ae8ab2dbccb02c4d11caaacf09eab.ttf (314 kB)
node_modules\@expo\vector-icons\build\vendor\react-native-vector-icons\Fonts\Foundation.e20945d7c929279ef7a6f1db184a4470.ttf (57 kB)
node_modules\@expo\vector-icons\build\vendor\react-native-vector-icons\Fonts\Ionicons.6148e7019854f3bde85b633cb88f3c25.ttf (443 kB)
node_modules\@expo\vector-icons\build\vendor\react-native-vector-icons\Fonts\MaterialCommunityIcons.b62641afc9ab487008e996a5c5865e56.ttf (1.15 MB)
node_modules\@expo\vector-icons\build\vendor\react-native-vector-icons\Fonts\MaterialIcons.4e85bc9ebe07e0340c9c4fc2f6c38908.ttf (357 kB)
node_modules\@expo\vector-icons\build\vendor\react-native-vector-icons\Fonts\Octicons.f7c53c47a66934504fcbc7cc164895a7.ttf (49.4 kB)
node_modules\@expo\vector-icons\build\vendor\react-native-vector-icons\Fonts\SimpleLineIcons.d2285965fe34b05465047401b8595dd0.ttf (54.1 kB)
node_modules\@expo\vector-icons\build\vendor\react-native-vector-icons\Fonts\Zocial.1681f34aaca71b8dfb70756bca331eb2.ttf (25.8 kB)
node_modules\@react-navigation\elements\lib\module\assets\back-icon-mask.5223c8d9b0d08b82a5670fb5f71faf78.png (913 B)
node_modules\@react-navigation\elements\lib\module\assets\back-icon.35ba0eaec5a4f5ed12ca16fabeae451d.png (207 B)

› web bundles (60):
_expo/static/js/web/AboutScreen-230b95b169e2f808d9551bb66c19b9bc.js (11 kB)
_expo/static/js/web/AddEditProductScreen-e7173a6d29ff223bbd7c37c24484c537.js (21.3 kB)
_expo/static/js/web/AddressesScreen-85ce3fc1bfbbccf768c3bf234b874c59.js (10.3 kB)
_expo/static/js/web/AdminDashboardScreen-e81708a577195310db096e2b65bcb739.js (11 kB)
_expo/static/js/web/AIGlobalDashboardScreen-0e9bf3b8abc53f69dfb58d39edea7b4c.js (7.43 kB)
_expo/static/js/web/AILightningPushScreen-64efe17ae415446b98d66b62c2348455.js (18.5 kB)
_expo/static/js/web/AIProductAssistantScreen-af7da518e61c66c4d1d05d73b90e13d5.js (22.8 kB)
_expo/static/js/web/AppEntry-5aaa850880c1b262f4ced1960a5396aa.js (2.42 MB)
_expo/static/js/web/CampaignAnalyticsScreen-253481914c8f4845ac6069a0b131d474.js (12.4 kB)
_expo/static/js/web/CartScreen-a62e143f226582e4e6454ffa21ed0011.js (12.7 kB)
_expo/static/js/web/ChatbotScreen-7b5093f892a431a1a5ac716a80f0d069.js (5.67 kB)
_expo/static/js/web/ChatScreen-4c97b5831619cc0674d6dfca57c3682e.js (83.2 kB)
_expo/static/js/web/CheckoutScreen-7cf521554f26153ce7169e389773090c.js (29.2 kB)
_expo/static/js/web/ConversationListScreen-66d835860531e52d76dec69826add4e6.js (3.02 kB)
_expo/static/js/web/CreateDeliveryScreen-28c9adb713b6e6a9dfb256c9e67bc812.js (18.3 kB)
_expo/static/js/web/CreateShopScreen-70830977d806c29245881d765088c0b2.js (17.7 kB)
_expo/static/js/web/DeliveryOperationsScreen-f7efa13105d42ebe2dd83def163be825.js (8.88 kB)
_expo/static/js/web/DeliveryPaymentScreen-6176eafa9e139b05842add726c36d07d.js (12.1 kB)
_expo/static/js/web/DeliveryTrackingScreen-ded7a22f6a671dd11221cea57ce3c59d.js (11.5 kB)
_expo/static/js/web/DiscountCodeManagementScreen-e9c2d5605a2fcbac77860af1d463eea7.js (15.9 kB)
_expo/static/js/web/DriverDashboardScreen-4784e98646fff807dc9ba95a79816e89.js (16.8 kB)
_expo/static/js/web/DriverRegistrationScreen-48621a3437035a550c8e863b36f46f56.js (15.3 kB)
_expo/static/js/web/DriverSearchScreen-e4dbac5d9e4a9285bd77105d8bf2a404.js (4.53 kB)
_expo/static/js/web/HelpCenterScreen-218dbd2325a9ad07098db39830bb1f43.js (7.64 kB)
_expo/static/js/web/HelpTutorialScreen-2755df4c292e321e6384951d294425c5.js (4.3 kB)
_expo/static/js/web/HomeScreen-91858f8c54bd0037a822fab4ffd6c706.js (18.4 kB)
_expo/static/js/web/index-49dcb4fb90ad5d0264cc22a8cc4121a6.js (24.6 kB)
_expo/static/js/web/LoginScreen-05b09665dbd224b74fafce629c740083.js (9.84 kB)
_expo/static/js/web/NotificationCenterScreen-1892ea96c16bc870455f38451bcef31f.js (4.09 kB)
_expo/static/js/web/OrderConfirmationScreen-d48bfd2291691ad2599a8c077e6ec9a5.js (7.01 kB)
_expo/static/js/web/OrdersScreen-f658f3c39523a189f84d502df5b6fe6d.js (6.39 kB)
_expo/static/js/web/OwnershipVerificationScreen-86b9f98dfb3c81d4ec791ca69c66e036.js (21.2 kB)
_expo/static/js/web/PaymentScreen-f08d57f184901197b44dee45ac45af74.js (24.6 kB)
_expo/static/js/web/PhotoStudioScreen-b4fdbd48218c4314990c9c8c87f7e094.js (10.9 kB)
_expo/static/js/web/PrivacyScreen-4dbfccecd0f5d5db81dbd97de235df4a.js (7.18 kB)
_expo/static/js/web/ProductDetailScreen-d919009af8b1255db1d5f98e0a750517.js (39.4 kB)
_expo/static/js/web/ProductManagementScreen-f6b03ae4946c469507b9ac4750707c40.js (9.58 kB)
_expo/static/js/web/ProductReviewsScreen-ece2ab6355fcd6ad3836eb0873160d04.js (10.6 kB)
_expo/static/js/web/ProductVideoPickerScreen-48f1ef97b18de3774bd630f5d9c52559.js (9.57 kB)
_expo/static/js/web/ProfileScreen-bce164996805ccdecc3fa2099a9cc57f.js (13.6 kB)
_expo/static/js/web/ProfileVerificationScreen-03463ed425a36d8a2c38f7ff34d87a5d.js (10.1 kB)
_expo/static/js/web/PromotionHubScreen-3ec0c22af242b2dcd94a6ffb53cacbe0.js (10.6 kB)
_expo/static/js/web/PromotionsScreen-4e2770422ba023d6816fd8a1b80b4dd6.js (18.3 kB)
_expo/static/js/web/ReferralProgramScreen-8b89a55bcdc2ba699f61ff9a3a3bf66b.js (9.41 kB)
_expo/static/js/web/RegisterScreen-32b5345c3fbef05d7402be3382304116.js (14.2 kB)
_expo/static/js/web/ReportsScreen-8017db6d8620a8c480892602aed670a0.js (4.68 kB)
_expo/static/js/web/SearchScreen-e0e525bd69e2f530270d2fdc6fa3ff15.js (9.62 kB)
_expo/static/js/web/SellerDashboardScreen-03065179deaad2480deff9b48416d24a.js (30.2 kB)
_expo/static/js/web/SellerDeliveriesScreen-b0f23a85ef1ecec667c804004b9e3589.js (4.14 kB)
_expo/static/js/web/SellerOrdersScreen-78837ac77803f6abe935bd92827252fc.js (17.4 kB)
_expo/static/js/web/SellerStatsScreen-2f00faec936798d226153bc1f62f9b91.js (15.5 kB)
_expo/static/js/web/SettingsScreen-760ffaf8cad463079a3ad4c3c4ef6e41.js (6.96 kB)
_expo/static/js/web/ShareableShopScreen-6cce4f8b50a68c0d810df2d6c5becc28.js (16.2 kB)
_expo/static/js/web/ShareLinkManagementScreen-9fdf9687af2052560b5ad3ac7f3f5f9b.js (15.2 kB)
_expo/static/js/web/ShopDetailScreen-c574374bc840e671840dc7382332c596.js (25.8 kB)
_expo/static/js/web/ShopValidationScreen-90347a8453fe94847942eb6f0e1001d9.js (7.45 kB)
_expo/static/js/web/SmartContentScreen-4ea46f60f0fbe4dea1bdf90174513689.js (17.1 kB)
_expo/static/js/web/TermsScreen-cd9058045a468b1c1f79bd3a294eaa44.js (8.31 kB)
_expo/static/js/web/WishlistScreen-438e816b1d3b49e30ef23c3521a75a91.js (5.97 kB)
_expo/static/js/web/WriteProductReviewScreen-c83079d645008e1f6d97be6a5f2e3a94.js (7.72 kB)

› Files (3):
favicon.ico (14.5 kB)
index.html (1.46 kB)
metadata.json (49 B)

Exported: dist
═══════════════════════════════════════════════════════════
 SEO / OG / Twitter Card / Schema.org + Assets Copier — OK
═══════════════════════════════════════════════════════════

✅ Fichier modifié  : dist/index.html (5 KB)

📋 OG tags injectés :
   og:type        = website
   og:title       = Boutikplus — Marketplace des jeunes vendeurs du Fa…
   og:description = Créez votre boutique en 2 minutes, vendez sur What…
   og:image       = https://aka.doubaocdn.com/s/UHnS9sVxlx
   og:site_name   = Boutikplus
   og:locale      = fr_FR

🐦 Twitter Card   = summary_large_image

🏢 Schema.org     = Organization (JSON-LD)

📦 Assets copiés  : 11 fichiers (fonts/images hashed)

📂 static-assets  : 21 fichiers copiés (bypass Vercel node_modules ignore)

🔧 Bundle JS patché : 1 fichier(s), 21 remplacement(s) assets/node_modules → static-assets

⚙️  dist/vercel.json généré (rewrites + headers APK + sécurité)

⚠️  IMPORTANT — Action requise :
   • Uploader une vraie image 1200×630 px sur https://aka.doubaocdn.com/s/UHnS9sVxlx
     (ex: Canva / Figma export → Supabase Storage public bucket)
   • Vérifier les tags avec :
     https://metatags.io/ → tester https://boutikplus.vercel.app
     https://developers.facebook.com/tools/debug/
     https://cards-dev.twitter.com/validator

