
⚠️ Detected that your app uses Expo Go for development, this is not recommended when building production apps.
Learn more: https://expo.fyi/why-not-build-expo-go-for-production
To suppress this warning, set EAS_BUILD_NO_EXPO_GO_WARNING=true.

Resolved "production" environment for the build. Learn more: https://docs.expo.dev/eas/environment-variables/#setting-the-environment-for-your-builds
No environment variables with visibility "Plain text" and "Sensitive" found for the "production" environment on EAS.
Environment variables loaded from the "production" build profile "env" configuration: APP_ENV.

- Incrementing versionCode from 3 to 4.
✔ Incremented versionCode from 3 to 4.


The build profile "production" has specified the channel "production", but the "expo-updates" package hasn't been installed. To use channels for your builds, install the "expo-updates" package by running "npx expo install expo-updates" followed by "eas update:configure".
android.versionCode field in app config is ignored when version source is set to remote, but this value will still be in the manifest available via expo-constants. It's recommended to remove this value from app config.
✔ Using remote Android credentials (Expo server)
✔ Using Keystore from configuration: Build Credentials JtAf_RbqkZ (default)

Compressing project files and uploading to EAS Build. Learn more: https://expo.fyi/eas-build-archive
- Compressing project files
- Uploading to EAS Build (0 / 44.4 MB)
✔ Uploaded to EAS 26s
- Computing project fingerprint
✔ Computed project fingerprint

See logs: https://expo.dev/accounts/chrisouedraogos-team/projects/boutikplus/builds/d8524d17-6438-4a17-833f-9c6abd9df1ca

Waiting for build to complete. You can press Ctrl+C to exit.
- Waiting for build to complete.
✔ Build finished

🤖 Android app:
https://expo.dev/artifacts/eas/dJuwAcu8Uzyd7HSgscePjELpExd6MBGT4kkK-KMnANc.aab
